2026-04-07 18:20:51,228 INFO : ============================================================
2026-04-07 18:20:51,228 INFO : NYCTaxiAnalysis | OPTIMIZED=False
2026-04-07 18:20:51,228 INFO : executor.memory=768m | driver.memory=512m | shuffle.partitions=100
2026-04-07 18:20:51,228 INFO : ============================================================
2026-04-07 18:20:51,229 INFO : [JOB START] >>> Load
2026-04-07 18:20:59,601 INFO : Full dataset: 3,066,766 rows | 12 partitions
2026-04-07 18:20:59,971 INFO : Sampled 521,481 rows (fraction=0.17)
2026-04-07 18:20:59,978 INFO : [JOB END]   <<< Load | 8.743s | active stages: []
2026-04-07 18:20:59,979 INFO : [JOB START] >>> Preprocessing
2026-04-07 18:21:02,429 INFO : After preprocessing: 500,561 rows | 12 partitions
2026-04-07 18:21:02,431 INFO : [JOB END]   <<< Preprocessing | 2.450s | active stages: []
2026-04-07 18:21:02,431 INFO : [JOB START] >>> Aggregations
2026-04-07 18:21:02,432 INFO : [AGG 1/4] Trips and avg fare by VendorID
2026-04-07 18:21:04,564 INFO : [AGG 2/4] Trips by pickup hour
2026-04-07 18:21:05,974 INFO : [AGG 3/4] Payment type distribution
2026-04-07 18:21:07,009 INFO : [AGG 4/4] Avg tip by day of week
2026-04-07 18:21:08,111 INFO : [JOB END]   <<< Aggregations | 5.677s | active stages: []
2026-04-07 18:21:08,112 INFO : [JOB START] >>> ML-FeatureEng
2026-04-07 18:21:08,373 INFO : [JOB END]   <<< ML-FeatureEng | 0.260s | active stages: []
2026-04-07 18:21:08,374 INFO : [JOB START] >>> ML-Training
2026-04-07 18:21:08,455 INFO : Training LogisticRegression (maxIter=15, regParam=0.01)...
2026-04-07 18:21:18,870 INFO : Training complete | iterations: 16
2026-04-07 18:21:18,871 INFO : [JOB END]   <<< ML-Training | 10.496s | active stages: []
2026-04-07 18:21:18,872 INFO : [JOB START] >>> ML-Evaluation
2026-04-07 18:21:21,348 INFO : Model accuracy: 0.9454
2026-04-07 18:21:21,349 INFO : [JOB END]   <<< ML-Evaluation | 2.476s | active stages: []
2026-04-07 18:21:21,350 INFO : ============================================================
2026-04-07 18:21:21,350 INFO : TOTAL TIME : 30.12s
2026-04-07 18:21:21,350 INFO : DRIVER RAM : 37.47 MB
2026-04-07 18:21:21,350 INFO : ACCURACY   : 0.9454
2026-04-07 18:21:21,351 INFO : Stage breakdown:
2026-04-07 18:21:21,351 INFO :   [Load]: 8.743s
2026-04-07 18:21:21,351 INFO :   [Preprocessing]: 2.450s
2026-04-07 18:21:21,351 INFO :   [Aggregations]: 5.677s
2026-04-07 18:21:21,351 INFO :   [ML-FeatureEng]: 0.260s
2026-04-07 18:21:21,352 INFO :   [ML-Training]: 10.496s
2026-04-07 18:21:21,352 INFO :   [ML-Evaluation]: 2.476s
2026-04-07 18:21:21,352 INFO : ============================================================
